started_utc=2026-09-20T02:21:41+00:00
command=/home/g24021555/Business-Meeting-Scheduling-Problem/.venv/bin/python -u /home/g24021555/Business-Meeting-Scheduling-Problem/src/ORG_new.py --instance /home/g24021555/Business-Meeting-Scheduling-Problem/data_table03_origin/ticf-13crafb.original.dzn --timeout 7200.0 --uwrmaxsat-bin /home/g24021555/uwrmaxsat/build/release/bin/uwrmaxsat --uwrmaxsat-sha256 82485b4b973d80c618b28eef348a09dc5bc1ab0654696e2ed3b1764f52ef8202 --csv /home/g24021555/Business-Meeting-Scheduling-Problem/outputs/journal/main-objectives/shard-0-of-2/work/cell-_6gfdolq/detailed.csv --excel-dir /home/g24021555/Business-Meeting-Scheduling-Problem/outputs/journal/main-objectives/shard-0-of-2/work/cell-_6gfdolq/excel --objective-mode ir_im_is --participant-idle-cap-rule none --participant-idle-cap-alpha 1/2

Found 1 selected input paths (content_deduplicated=True)

============================================================
Processing: ticf-13crafb.original.dzn
Test number: 1
============================================================
Input parsing completed in 0.0224 seconds
Constraint building completed in 0.6367 seconds
Total variables: 136770
Total hard clauses: 396400
Total soft clauses: 1160
Participant idle cap: none (added clauses: 0)
TIMEOUT: UWrMaxSAT timeout after 7200.0 seconds
MaxSAT solving completed in 7200.1108 seconds

============================================================
TOTAL RUNTIME: 7201.1436 seconds (7201.14s)
============================================================
Peak process-tree RSS: 295.695 MB
Excel exported to: /home/g24021555/Business-Meeting-Scheduling-Problem/outputs/journal/main-objectives/shard-0-of-2/work/cell-_6gfdolq/excel/ticf-13crafb.original.xlsx
Result queued for CSV: TIMEOUT | objective=N/A | participant_idle_cap=none
CSV exported to: /home/g24021555/Business-Meeting-Scheduling-Problem/outputs/journal/main-objectives/shard-0-of-2/work/cell-_6gfdolq/detailed.csv
