started_utc=2026-09-20T06:22:11+00:00
command=/home/g24021555/Business-Meeting-Scheduling-Problem/.venv/bin/python -u /home/g24021555/Business-Meeting-Scheduling-Problem/src/ORG_new.py --instance /home/g24021555/Business-Meeting-Scheduling-Problem/data_table03_origin/forum-13crafb.original.dzn --timeout 7200.0 --uwrmaxsat-bin /home/g24021555/uwrmaxsat/build/release/bin/uwrmaxsat --uwrmaxsat-sha256 82485b4b973d80c618b28eef348a09dc5bc1ab0654696e2ed3b1764f52ef8202 --csv /home/g24021555/Business-Meeting-Scheduling-Problem/outputs/journal/main-objectives/shard-0-of-2/work/cell-2eal_t5x/detailed.csv --excel-dir /home/g24021555/Business-Meeting-Scheduling-Problem/outputs/journal/main-objectives/shard-0-of-2/work/cell-2eal_t5x/excel

Found 1 selected input paths (content_deduplicated=True)

============================================================
Processing: forum-13crafb.original.dzn
Test number: 1
============================================================
Input parsing completed in 0.0262 seconds
Constraint building completed in 0.6292 seconds
Total variables: 136770
Total hard clauses: 396518
Total soft clauses: 20
Participant idle cap: none (added clauses: 0)
UWrMaxSAT optimum scalar cost: 2
MaxSAT solving completed in 3.6709 seconds

============================================================
TOTAL RUNTIME: 4.7237 seconds (4.72s)
============================================================
Peak process-tree RSS: 249.508 MB
Excel exported to: /home/g24021555/Business-Meeting-Scheduling-Problem/outputs/journal/main-objectives/shard-0-of-2/work/cell-2eal_t5x/excel/forum-13crafb.original.xlsx
Result queued for CSV: OPTIMAL | objective=(2,) | participant_idle_cap=none
CSV exported to: /home/g24021555/Business-Meeting-Scheduling-Problem/outputs/journal/main-objectives/shard-0-of-2/work/cell-2eal_t5x/detailed.csv
