started_utc=2026-09-20T06:26:07+00:00
command=/home/g24021555/Business-Meeting-Scheduling-Problem/.venv/bin/python -u /home/g24021555/Business-Meeting-Scheduling-Problem/src/ORG_new.py --instance /home/g24021555/Business-Meeting-Scheduling-Problem/data_table06_forb/tic-13.forb0003.dzn --timeout 7200.0 --uwrmaxsat-bin /home/g24021555/uwrmaxsat/build/release/bin/uwrmaxsat --uwrmaxsat-sha256 82485b4b973d80c618b28eef348a09dc5bc1ab0654696e2ed3b1764f52ef8202 --csv /home/g24021555/Business-Meeting-Scheduling-Problem/outputs/journal/main-objectives/shard-0-of-2/work/cell-8wy9towa/detailed.csv --excel-dir /home/g24021555/Business-Meeting-Scheduling-Problem/outputs/journal/main-objectives/shard-0-of-2/work/cell-8wy9towa/excel

Found 1 selected input paths (content_deduplicated=True)

============================================================
Processing: tic-13.forb0003.dzn
Test number: 1
============================================================
Input parsing completed in 0.0062 seconds
Constraint building completed in 0.1152 seconds
Total variables: 24215
Total hard clauses: 78515
Total soft clauses: 6
Participant idle cap: none (added clauses: 0)
MaxSAT solving completed in 0.0392 seconds

============================================================
TOTAL RUNTIME: 0.2317 seconds (0.23s)
============================================================
Peak process-tree RSS: 63.133 MB
Excel exported to: /home/g24021555/Business-Meeting-Scheduling-Problem/outputs/journal/main-objectives/shard-0-of-2/work/cell-8wy9towa/excel/tic-13.forb0003.xlsx
Result queued for CSV: UNSAT | objective=N/A | participant_idle_cap=none
CSV exported to: /home/g24021555/Business-Meeting-Scheduling-Problem/outputs/journal/main-objectives/shard-0-of-2/work/cell-8wy9towa/detailed.csv
