started_utc=2026-09-20T06:26:36+00:00
command=/home/g24021555/Business-Meeting-Scheduling-Problem/.venv/bin/python -u /home/g24021555/Business-Meeting-Scheduling-Problem/src/ORG_new.py --instance /home/g24021555/Business-Meeting-Scheduling-Problem/data_table07_fixed/forum-13.fixed020-Forb.dzn --timeout 7200.0 --uwrmaxsat-bin /home/g24021555/uwrmaxsat/build/release/bin/uwrmaxsat --uwrmaxsat-sha256 82485b4b973d80c618b28eef348a09dc5bc1ab0654696e2ed3b1764f52ef8202 --csv /home/g24021555/Business-Meeting-Scheduling-Problem/outputs/journal/main-objectives/shard-0-of-2/work/cell-urc62zhm/detailed.csv --excel-dir /home/g24021555/Business-Meeting-Scheduling-Problem/outputs/journal/main-objectives/shard-0-of-2/work/cell-urc62zhm/excel

Found 1 selected input paths (content_deduplicated=True)

============================================================
Processing: forum-13.fixed020-Forb.dzn
Test number: 1
============================================================
Input parsing completed in 0.0457 seconds
Constraint building completed in 0.5540 seconds
Total variables: 130863
Total hard clauses: 361915
Total soft clauses: 19
Participant idle cap: none (added clauses: 0)
UWrMaxSAT optimum scalar cost: 10
MaxSAT solving completed in 1.3489 seconds

============================================================
TOTAL RUNTIME: 2.3033 seconds (2.30s)
============================================================
Peak process-tree RSS: 212.473 MB
Excel exported to: /home/g24021555/Business-Meeting-Scheduling-Problem/outputs/journal/main-objectives/shard-0-of-2/work/cell-urc62zhm/excel/forum-13.fixed020-Forb.xlsx
Result queued for CSV: OPTIMAL | objective=(10,) | participant_idle_cap=none
CSV exported to: /home/g24021555/Business-Meeting-Scheduling-Problem/outputs/journal/main-objectives/shard-0-of-2/work/cell-urc62zhm/detailed.csv
