started_utc=2026-09-20T06:26:18+00:00
command=/home/g24021555/Business-Meeting-Scheduling-Problem/.venv/bin/python -u /home/g24021555/Business-Meeting-Scheduling-Problem/src/ORG_new.py --instance /home/g24021555/Business-Meeting-Scheduling-Problem/data_table03_origin/forumt-14.original.dzn --timeout 7200.0 --uwrmaxsat-bin /home/g24021555/uwrmaxsat/build/release/bin/uwrmaxsat --uwrmaxsat-sha256 82485b4b973d80c618b28eef348a09dc5bc1ab0654696e2ed3b1764f52ef8202 --csv /home/g24021555/Business-Meeting-Scheduling-Problem/outputs/journal/main-objectives/shard-0-of-2/work/cell-7kdb23p8/detailed.csv --excel-dir /home/g24021555/Business-Meeting-Scheduling-Problem/outputs/journal/main-objectives/shard-0-of-2/work/cell-7kdb23p8/excel --objective-mode ir_im_is --participant-idle-cap-rule none --participant-idle-cap-alpha 1/2

Found 1 selected input paths (content_deduplicated=True)

============================================================
Processing: forumt-14.original.dzn
Test number: 1
============================================================
Input parsing completed in 0.0108 seconds
Constraint building completed in 0.1335 seconds
Total variables: 27752
Total hard clauses: 92646
Total soft clauses: 427
Participant idle cap: none (added clauses: 0)
UWrMaxSAT optimum scalar cost: 2134
MaxSAT solving completed in 0.2696 seconds

============================================================
TOTAL RUNTIME: 0.5076 seconds (0.51s)
============================================================
Peak process-tree RSS: 74.449 MB
Excel exported to: /home/g24021555/Business-Meeting-Scheduling-Problem/outputs/journal/main-objectives/shard-0-of-2/work/cell-7kdb23p8/excel/forumt-14.original.xlsx
Result queued for CSV: OPTIMAL | objective=(2, 2, 10) | participant_idle_cap=none
CSV exported to: /home/g24021555/Business-Meeting-Scheduling-Problem/outputs/journal/main-objectives/shard-0-of-2/work/cell-7kdb23p8/detailed.csv
