started_utc=2026-09-20T06:26:17+00:00
command=/home/g24021555/Business-Meeting-Scheduling-Problem/.venv/bin/python -u /home/g24021555/Business-Meeting-Scheduling-Problem/src/ORG_new.py --instance /home/g24021555/Business-Meeting-Scheduling-Problem/data_table03_origin/tic-12crafc.original.dzn --timeout 7200.0 --uwrmaxsat-bin /home/g24021555/uwrmaxsat/build/release/bin/uwrmaxsat --uwrmaxsat-sha256 82485b4b973d80c618b28eef348a09dc5bc1ab0654696e2ed3b1764f52ef8202 --csv /home/g24021555/Business-Meeting-Scheduling-Problem/outputs/journal/main-objectives/shard-0-of-2/work/cell-swo_16sq/detailed.csv --excel-dir /home/g24021555/Business-Meeting-Scheduling-Problem/outputs/journal/main-objectives/shard-0-of-2/work/cell-swo_16sq/excel

Found 1 selected input paths (content_deduplicated=True)

============================================================
Processing: tic-12crafc.original.dzn
Test number: 1
============================================================
Input parsing completed in 0.0045 seconds
Constraint building completed in 0.0694 seconds
Total variables: 14900
Total hard clauses: 48547
Total soft clauses: 6
Participant idle cap: none (added clauses: 0)
UWrMaxSAT optimum scalar cost: 0
MaxSAT solving completed in 0.0575 seconds

============================================================
TOTAL RUNTIME: 0.1791 seconds (0.18s)
============================================================
Peak process-tree RSS: 53.496 MB
Excel exported to: /home/g24021555/Business-Meeting-Scheduling-Problem/outputs/journal/main-objectives/shard-0-of-2/work/cell-swo_16sq/excel/tic-12crafc.original.xlsx
Result queued for CSV: OPTIMAL | objective=(0,) | participant_idle_cap=none
CSV exported to: /home/g24021555/Business-Meeting-Scheduling-Problem/outputs/journal/main-objectives/shard-0-of-2/work/cell-swo_16sq/detailed.csv
