started_utc=2026-09-20T06:26:11+00:00
command=/home/g24021555/Business-Meeting-Scheduling-Problem/.venv/bin/python -u /home/g24021555/Business-Meeting-Scheduling-Problem/src/ORG_new.py --instance /home/g24021555/Business-Meeting-Scheduling-Problem/data_table07_fixed/tic-12crafc.fixed040-Forb.dzn --timeout 7200.0 --uwrmaxsat-bin /home/g24021555/uwrmaxsat/build/release/bin/uwrmaxsat --uwrmaxsat-sha256 82485b4b973d80c618b28eef348a09dc5bc1ab0654696e2ed3b1764f52ef8202 --csv /home/g24021555/Business-Meeting-Scheduling-Problem/outputs/journal/main-objectives/shard-0-of-2/work/cell-vvw0ha_r/detailed.csv --excel-dir /home/g24021555/Business-Meeting-Scheduling-Problem/outputs/journal/main-objectives/shard-0-of-2/work/cell-vvw0ha_r/excel --objective-mode ir_im_is --participant-idle-cap-rule none --participant-idle-cap-alpha 1/2

Found 1 selected input paths (content_deduplicated=True)

============================================================
Processing: tic-12crafc.fixed040-Forb.dzn
Test number: 1
============================================================
Input parsing completed in 0.0049 seconds
Constraint building completed in 0.0684 seconds
Total variables: 14900
Total hard clauses: 48597
Total soft clauses: 246
Participant idle cap: none (added clauses: 0)
MaxSAT solving completed in 0.0298 seconds

============================================================
TOTAL RUNTIME: 0.1489 seconds (0.15s)
============================================================
Peak process-tree RSS: 42.680 MB
Excel exported to: /home/g24021555/Business-Meeting-Scheduling-Problem/outputs/journal/main-objectives/shard-0-of-2/work/cell-vvw0ha_r/excel/tic-12crafc.fixed040-Forb.xlsx
Result queued for CSV: UNSAT | objective=N/A | participant_idle_cap=none
CSV exported to: /home/g24021555/Business-Meeting-Scheduling-Problem/outputs/journal/main-objectives/shard-0-of-2/work/cell-vvw0ha_r/detailed.csv
