started_utc=2026-09-20T06:30:16+00:00
command=/home/g24021555/Business-Meeting-Scheduling-Problem/.venv/bin/python -u /home/g24021555/Business-Meeting-Scheduling-Problem/src/ORG_new.py --instance /home/g24021555/Business-Meeting-Scheduling-Problem/data_table06_forb/forum-13crafc.forb0007.dzn --timeout 7200.0 --uwrmaxsat-bin /home/g24021555/uwrmaxsat/build/release/bin/uwrmaxsat --uwrmaxsat-sha256 82485b4b973d80c618b28eef348a09dc5bc1ab0654696e2ed3b1764f52ef8202 --csv /home/g24021555/Business-Meeting-Scheduling-Problem/outputs/journal/main-objectives/shard-0-of-2/work/cell-x7dfmnk5/detailed.csv --excel-dir /home/g24021555/Business-Meeting-Scheduling-Problem/outputs/journal/main-objectives/shard-0-of-2/work/cell-x7dfmnk5/excel

Found 1 selected input paths (content_deduplicated=True)

============================================================
Processing: forum-13crafc.forb0007.dzn
Test number: 1
============================================================
Input parsing completed in 0.0090 seconds
Constraint building completed in 0.5540 seconds
Total variables: 131031
Total hard clauses: 362216
Total soft clauses: 19
Participant idle cap: none (added clauses: 0)
UWrMaxSAT optimum scalar cost: 0
MaxSAT solving completed in 2.8714 seconds

============================================================
TOTAL RUNTIME: 3.7893 seconds (3.79s)
============================================================
Peak process-tree RSS: 201.152 MB
Excel exported to: /home/g24021555/Business-Meeting-Scheduling-Problem/outputs/journal/main-objectives/shard-0-of-2/work/cell-x7dfmnk5/excel/forum-13crafc.forb0007.xlsx
Result queued for CSV: OPTIMAL | objective=(0,) | participant_idle_cap=none
CSV exported to: /home/g24021555/Business-Meeting-Scheduling-Problem/outputs/journal/main-objectives/shard-0-of-2/work/cell-x7dfmnk5/detailed.csv
