started_utc=2026-09-20T06:30:26+00:00
command=/home/g24021555/Business-Meeting-Scheduling-Problem/.venv/bin/python -u /home/g24021555/Business-Meeting-Scheduling-Problem/src/ORG_new.py --instance /home/g24021555/Business-Meeting-Scheduling-Problem/data_table03_origin/tic-13crafc.original.dzn --timeout 7200.0 --uwrmaxsat-bin /home/g24021555/uwrmaxsat/build/release/bin/uwrmaxsat --uwrmaxsat-sha256 82485b4b973d80c618b28eef348a09dc5bc1ab0654696e2ed3b1764f52ef8202 --csv /home/g24021555/Business-Meeting-Scheduling-Problem/outputs/journal/main-objectives/shard-0-of-2/work/cell-ra9hx58l/detailed.csv --excel-dir /home/g24021555/Business-Meeting-Scheduling-Problem/outputs/journal/main-objectives/shard-0-of-2/work/cell-ra9hx58l/excel --objective-mode ir_im_is --participant-idle-cap-rule none --participant-idle-cap-alpha 1/2

Found 1 selected input paths (content_deduplicated=True)

============================================================
Processing: tic-13crafc.original.dzn
Test number: 1
============================================================
Input parsing completed in 0.0063 seconds
Constraint building completed in 0.1158 seconds
Total variables: 24375
Total hard clauses: 78845
Total soft clauses: 282
Participant idle cap: none (added clauses: 0)
UWrMaxSAT optimum scalar cost: 736
MaxSAT solving completed in 432.1686 seconds

============================================================
TOTAL RUNTIME: 432.3680 seconds (432.37s)
============================================================
Peak process-tree RSS: 98.684 MB
Excel exported to: /home/g24021555/Business-Meeting-Scheduling-Problem/outputs/journal/main-objectives/shard-0-of-2/work/cell-ra9hx58l/excel/tic-13crafc.original.xlsx
Result queued for CSV: OPTIMAL | objective=(1, 1, 8) | participant_idle_cap=none
CSV exported to: /home/g24021555/Business-Meeting-Scheduling-Problem/outputs/journal/main-objectives/shard-0-of-2/work/cell-ra9hx58l/detailed.csv
