started_utc=2026-09-20T06:38:24+00:00
command=/home/g24021555/Business-Meeting-Scheduling-Problem/.venv/bin/python -u /home/g24021555/Business-Meeting-Scheduling-Problem/src/ORG_new.py --instance /home/g24021555/Business-Meeting-Scheduling-Problem/data_table08_prec/forumt-14crafc.prec15.dzn --timeout 7200.0 --uwrmaxsat-bin /home/g24021555/uwrmaxsat/build/release/bin/uwrmaxsat --uwrmaxsat-sha256 82485b4b973d80c618b28eef348a09dc5bc1ab0654696e2ed3b1764f52ef8202 --csv /home/g24021555/Business-Meeting-Scheduling-Problem/outputs/journal/main-objectives/shard-0-of-2/work/cell-ir_f3wcd/detailed.csv --excel-dir /home/g24021555/Business-Meeting-Scheduling-Problem/outputs/journal/main-objectives/shard-0-of-2/work/cell-ir_f3wcd/excel

Found 1 selected input paths (content_deduplicated=True)

============================================================
Processing: forumt-14crafc.prec15.dzn
Test number: 1
============================================================
Input parsing completed in 0.0109 seconds
Constraint building completed in 0.1395 seconds
Total variables: 27972
Total hard clauses: 95526
Total soft clauses: 7
Participant idle cap: none (added clauses: 0)
UWrMaxSAT optimum scalar cost: 2
MaxSAT solving completed in 0.2291 seconds

============================================================
TOTAL RUNTIME: 0.4740 seconds (0.47s)
============================================================
Peak process-tree RSS: 74.754 MB
Excel exported to: /home/g24021555/Business-Meeting-Scheduling-Problem/outputs/journal/main-objectives/shard-0-of-2/work/cell-ir_f3wcd/excel/forumt-14crafc.prec15.xlsx
Result queued for CSV: OPTIMAL | objective=(2,) | participant_idle_cap=none
CSV exported to: /home/g24021555/Business-Meeting-Scheduling-Problem/outputs/journal/main-objectives/shard-0-of-2/work/cell-ir_f3wcd/detailed.csv
