started_utc=2026-09-20T06:39:59+00:00
command=/home/g24021555/Business-Meeting-Scheduling-Problem/.venv/bin/python -u /home/g24021555/Business-Meeting-Scheduling-Problem/src/ORG_new.py --instance /home/g24021555/Business-Meeting-Scheduling-Problem/data_table07_fixed/forumt-14.fixed020-Forb.dzn --timeout 7200.0 --uwrmaxsat-bin /home/g24021555/uwrmaxsat/build/release/bin/uwrmaxsat --uwrmaxsat-sha256 82485b4b973d80c618b28eef348a09dc5bc1ab0654696e2ed3b1764f52ef8202 --csv /home/g24021555/Business-Meeting-Scheduling-Problem/outputs/journal/main-objectives/shard-0-of-2/work/cell-93g0j4ou/detailed.csv --excel-dir /home/g24021555/Business-Meeting-Scheduling-Problem/outputs/journal/main-objectives/shard-0-of-2/work/cell-93g0j4ou/excel --objective-mode ir_im_is --participant-idle-cap-rule none --participant-idle-cap-alpha 1/2

Found 1 selected input paths (content_deduplicated=True)

============================================================
Processing: forumt-14.fixed020-Forb.dzn
Test number: 1
============================================================
Input parsing completed in 0.0111 seconds
Constraint building completed in 0.1380 seconds
Total variables: 27752
Total hard clauses: 92693
Total soft clauses: 427
Participant idle cap: none (added clauses: 0)
UWrMaxSAT optimum scalar cost: 2136
MaxSAT solving completed in 0.2148 seconds

============================================================
TOTAL RUNTIME: 0.4597 seconds (0.46s)
============================================================
Peak process-tree RSS: 72.781 MB
Excel exported to: /home/g24021555/Business-Meeting-Scheduling-Problem/outputs/journal/main-objectives/shard-0-of-2/work/cell-93g0j4ou/excel/forumt-14.fixed020-Forb.xlsx
Result queued for CSV: OPTIMAL | objective=(2, 2, 12) | participant_idle_cap=none
CSV exported to: /home/g24021555/Business-Meeting-Scheduling-Problem/outputs/journal/main-objectives/shard-0-of-2/work/cell-93g0j4ou/detailed.csv
