started_utc=2026-09-20T06:51:37+00:00
command=/home/g24021555/Business-Meeting-Scheduling-Problem/.venv/bin/python -u /home/g24021555/Business-Meeting-Scheduling-Problem/src/ORG_new.py --instance /home/g24021555/Business-Meeting-Scheduling-Problem/data_table07_fixed/tic-14crafa.fixed020-Forb.dzn --timeout 7200.0 --uwrmaxsat-bin /home/g24021555/uwrmaxsat/build/release/bin/uwrmaxsat --uwrmaxsat-sha256 82485b4b973d80c618b28eef348a09dc5bc1ab0654696e2ed3b1764f52ef8202 --csv /home/g24021555/Business-Meeting-Scheduling-Problem/outputs/journal/main-objectives/shard-0-of-2/work/cell-v5x29kuw/detailed.csv --excel-dir /home/g24021555/Business-Meeting-Scheduling-Problem/outputs/journal/main-objectives/shard-0-of-2/work/cell-v5x29kuw/excel

Found 1 selected input paths (content_deduplicated=True)

============================================================
Processing: tic-14crafa.fixed020-Forb.dzn
Test number: 1
============================================================
Input parsing completed in 0.0096 seconds
Constraint building completed in 0.1377 seconds
Total variables: 27752
Total hard clauses: 92595
Total soft clauses: 7
Participant idle cap: none (added clauses: 0)
UWrMaxSAT optimum scalar cost: 2
MaxSAT solving completed in 0.0795 seconds

============================================================
TOTAL RUNTIME: 0.3187 seconds (0.32s)
============================================================
Peak process-tree RSS: 69.309 MB
Excel exported to: /home/g24021555/Business-Meeting-Scheduling-Problem/outputs/journal/main-objectives/shard-0-of-2/work/cell-v5x29kuw/excel/tic-14crafa.fixed020-Forb.xlsx
Result queued for CSV: OPTIMAL | objective=(2,) | participant_idle_cap=none
CSV exported to: /home/g24021555/Business-Meeting-Scheduling-Problem/outputs/journal/main-objectives/shard-0-of-2/work/cell-v5x29kuw/detailed.csv
