started_utc=2026-09-20T06:53:28+00:00
command=/home/g24021555/Business-Meeting-Scheduling-Problem/.venv/bin/python -u /home/g24021555/Business-Meeting-Scheduling-Problem/src/ORG_new.py --instance /home/g24021555/Business-Meeting-Scheduling-Problem/data_table07_fixed/forumt-14crafe.fixed020-Forb.dzn --timeout 7200.0 --uwrmaxsat-bin /home/g24021555/uwrmaxsat/build/release/bin/uwrmaxsat --uwrmaxsat-sha256 82485b4b973d80c618b28eef348a09dc5bc1ab0654696e2ed3b1764f52ef8202 --csv /home/g24021555/Business-Meeting-Scheduling-Problem/outputs/journal/main-objectives/shard-0-of-2/work/cell-5mva5ol4/detailed.csv --excel-dir /home/g24021555/Business-Meeting-Scheduling-Problem/outputs/journal/main-objectives/shard-0-of-2/work/cell-5mva5ol4/excel --objective-mode ir_im_is --participant-idle-cap-rule none --participant-idle-cap-alpha 1/2

Found 1 selected input paths (content_deduplicated=True)

============================================================
Processing: forumt-14crafe.fixed020-Forb.dzn
Test number: 1
============================================================
Input parsing completed in 0.0122 seconds
Constraint building completed in 0.1399 seconds
Total variables: 27859
Total hard clauses: 93057
Total soft clauses: 488
Participant idle cap: none (added clauses: 0)
UWrMaxSAT optimum scalar cost: 4817
MaxSAT solving completed in 0.2078 seconds

============================================================
TOTAL RUNTIME: 0.4547 seconds (0.45s)
============================================================
Peak process-tree RSS: 72.801 MB
Excel exported to: /home/g24021555/Business-Meeting-Scheduling-Problem/outputs/journal/main-objectives/shard-0-of-2/work/cell-5mva5ol4/excel/forumt-14crafe.fixed020-Forb.xlsx
Result queued for CSV: OPTIMAL | objective=(4, 4, 17) | participant_idle_cap=none
CSV exported to: /home/g24021555/Business-Meeting-Scheduling-Problem/outputs/journal/main-objectives/shard-0-of-2/work/cell-5mva5ol4/detailed.csv
