started_utc=2026-09-20T10:58:22+00:00
command=/home/g24021555/Business-Meeting-Scheduling-Problem/.venv/bin/python -u /home/g24021555/Business-Meeting-Scheduling-Problem/src/ORG_new.py --instance /home/g24021555/Business-Meeting-Scheduling-Problem/data_table03_origin/forum-13crafc.original.dzn --timeout 7200.0 --uwrmaxsat-bin /home/g24021555/uwrmaxsat/build/release/bin/uwrmaxsat --uwrmaxsat-sha256 82485b4b973d80c618b28eef348a09dc5bc1ab0654696e2ed3b1764f52ef8202 --csv /home/g24021555/Business-Meeting-Scheduling-Problem/outputs/journal/main-objectives/shard-0-of-2/work/cell-blkq018v/detailed.csv --excel-dir /home/g24021555/Business-Meeting-Scheduling-Problem/outputs/journal/main-objectives/shard-0-of-2/work/cell-blkq018v/excel --objective-mode ir_im_is --participant-idle-cap-rule none --participant-idle-cap-alpha 1/2

Found 1 selected input paths (content_deduplicated=True)

============================================================
Processing: forum-13crafc.original.dzn
Test number: 1
============================================================
Input parsing completed in 0.0090 seconds
Constraint building completed in 0.5526 seconds
Total variables: 131031
Total hard clauses: 362263
Total soft clauses: 1140
Participant idle cap: none (added clauses: 0)
UWrMaxSAT optimum scalar cost: 981
MaxSAT solving completed in 6.3283 seconds

============================================================
TOTAL RUNTIME: 7.2433 seconds (7.24s)
============================================================
Peak process-tree RSS: 222.430 MB
Excel exported to: /home/g24021555/Business-Meeting-Scheduling-Problem/outputs/journal/main-objectives/shard-0-of-2/work/cell-blkq018v/excel/forum-13crafc.original.xlsx
Result queued for CSV: OPTIMAL | objective=(0, 1, 58) | participant_idle_cap=none
CSV exported to: /home/g24021555/Business-Meeting-Scheduling-Problem/outputs/journal/main-objectives/shard-0-of-2/work/cell-blkq018v/detailed.csv
