started_utc=2026-09-20T11:00:00+00:00
command=/home/g24021555/Business-Meeting-Scheduling-Problem/.venv/bin/python -u /home/g24021555/Business-Meeting-Scheduling-Problem/src/ORG_new.py --instance /home/g24021555/Business-Meeting-Scheduling-Problem/data_table06_forb/forum-13.forb0007.dzn --timeout 7200.0 --uwrmaxsat-bin /home/g24021555/uwrmaxsat/build/release/bin/uwrmaxsat --uwrmaxsat-sha256 82485b4b973d80c618b28eef348a09dc5bc1ab0654696e2ed3b1764f52ef8202 --csv /home/g24021555/Business-Meeting-Scheduling-Problem/outputs/journal/main-objectives/shard-0-of-2/work/cell-q3sg25ux/detailed.csv --excel-dir /home/g24021555/Business-Meeting-Scheduling-Problem/outputs/journal/main-objectives/shard-0-of-2/work/cell-q3sg25ux/excel --objective-mode ir_im_is --participant-idle-cap-rule none --participant-idle-cap-alpha 1/2

Found 1 selected input paths (content_deduplicated=True)

============================================================
Processing: forum-13.forb0007.dzn
Test number: 1
============================================================
Input parsing completed in 0.0093 seconds
Constraint building completed in 0.5547 seconds
Total variables: 130863
Total hard clauses: 361838
Total soft clauses: 1140
Participant idle cap: none (added clauses: 0)
UWrMaxSAT optimum scalar cost: 0
MaxSAT solving completed in 3.4584 seconds

============================================================
TOTAL RUNTIME: 4.3861 seconds (4.39s)
============================================================
Peak process-tree RSS: 227.629 MB
Excel exported to: /home/g24021555/Business-Meeting-Scheduling-Problem/outputs/journal/main-objectives/shard-0-of-2/work/cell-q3sg25ux/excel/forum-13.forb0007.xlsx
Result queued for CSV: OPTIMAL | objective=(0, 0, 0) | participant_idle_cap=none
CSV exported to: /home/g24021555/Business-Meeting-Scheduling-Problem/outputs/journal/main-objectives/shard-0-of-2/work/cell-q3sg25ux/detailed.csv
