started_utc=2026-09-20T11:00:32+00:00
command=/home/g24021555/Business-Meeting-Scheduling-Problem/.venv/bin/python -u /home/g24021555/Business-Meeting-Scheduling-Problem/src/ORG_new.py --instance /home/g24021555/Business-Meeting-Scheduling-Problem/data_table03_origin/tic-14crafc.original.dzn --timeout 7200.0 --uwrmaxsat-bin /home/g24021555/uwrmaxsat/build/release/bin/uwrmaxsat --uwrmaxsat-sha256 82485b4b973d80c618b28eef348a09dc5bc1ab0654696e2ed3b1764f52ef8202 --csv /home/g24021555/Business-Meeting-Scheduling-Problem/outputs/journal/main-objectives/shard-0-of-2/work/cell-khgcqqyy/detailed.csv --excel-dir /home/g24021555/Business-Meeting-Scheduling-Problem/outputs/journal/main-objectives/shard-0-of-2/work/cell-khgcqqyy/excel

Found 1 selected input paths (content_deduplicated=True)

============================================================
Processing: tic-14crafc.original.dzn
Test number: 1
============================================================
Input parsing completed in 0.0090 seconds
Constraint building completed in 0.1407 seconds
Total variables: 27972
Total hard clauses: 93008
Total soft clauses: 7
Participant idle cap: none (added clauses: 0)
UWrMaxSAT optimum scalar cost: 0
MaxSAT solving completed in 0.2115 seconds

============================================================
TOTAL RUNTIME: 0.4539 seconds (0.45s)
============================================================
Peak process-tree RSS: 74.887 MB
Excel exported to: /home/g24021555/Business-Meeting-Scheduling-Problem/outputs/journal/main-objectives/shard-0-of-2/work/cell-khgcqqyy/excel/tic-14crafc.original.xlsx
Result queued for CSV: OPTIMAL | objective=(0,) | participant_idle_cap=none
CSV exported to: /home/g24021555/Business-Meeting-Scheduling-Problem/outputs/journal/main-objectives/shard-0-of-2/work/cell-khgcqqyy/detailed.csv
