started_utc=2026-09-20T10:55:04+00:00
command=/home/g24021555/Business-Meeting-Scheduling-Problem/.venv/bin/python -u /home/g24021555/Business-Meeting-Scheduling-Problem/src/ORG_new.py --instance /home/g24021555/Business-Meeting-Scheduling-Problem/data_table07_fixed/ticf-13crafa.fixed040-Forb.dzn --timeout 7200.0 --uwrmaxsat-bin /home/g24021555/uwrmaxsat/build/release/bin/uwrmaxsat --uwrmaxsat-sha256 82485b4b973d80c618b28eef348a09dc5bc1ab0654696e2ed3b1764f52ef8202 --csv /home/g24021555/Business-Meeting-Scheduling-Problem/outputs/journal/main-objectives/shard-0-of-2/work/cell-7ski9wtb/detailed.csv --excel-dir /home/g24021555/Business-Meeting-Scheduling-Problem/outputs/journal/main-objectives/shard-0-of-2/work/cell-7ski9wtb/excel

Found 1 selected input paths (content_deduplicated=True)

============================================================
Processing: ticf-13crafa.fixed040-Forb.dzn
Test number: 1
============================================================
Input parsing completed in 0.0957 seconds
Constraint building completed in 0.5719 seconds
Total variables: 130863
Total hard clauses: 361864
Total soft clauses: 19
Participant idle cap: none (added clauses: 0)
UWrMaxSAT optimum scalar cost: 12
MaxSAT solving completed in 0.4792 seconds

============================================================
TOTAL RUNTIME: 1.5006 seconds (1.50s)
============================================================
Peak process-tree RSS: 178.906 MB
Excel exported to: /home/g24021555/Business-Meeting-Scheduling-Problem/outputs/journal/main-objectives/shard-0-of-2/work/cell-7ski9wtb/excel/ticf-13crafa.fixed040-Forb.xlsx
Result queued for CSV: OPTIMAL | objective=(12,) | participant_idle_cap=none
CSV exported to: /home/g24021555/Business-Meeting-Scheduling-Problem/outputs/journal/main-objectives/shard-0-of-2/work/cell-7ski9wtb/detailed.csv
