started_utc=2026-09-20T11:00:37+00:00
command=/home/g24021555/Business-Meeting-Scheduling-Problem/.venv/bin/python -u /home/g24021555/Business-Meeting-Scheduling-Problem/src/ORG_new.py --instance /home/g24021555/Business-Meeting-Scheduling-Problem/data_table07_fixed/ticf-14crafa.fixed040-Forb.dzn --timeout 7200.0 --uwrmaxsat-bin /home/g24021555/uwrmaxsat/build/release/bin/uwrmaxsat --uwrmaxsat-sha256 82485b4b973d80c618b28eef348a09dc5bc1ab0654696e2ed3b1764f52ef8202 --csv /home/g24021555/Business-Meeting-Scheduling-Problem/outputs/journal/main-objectives/shard-0-of-2/work/cell-u_f77_9t/detailed.csv --excel-dir /home/g24021555/Business-Meeting-Scheduling-Problem/outputs/journal/main-objectives/shard-0-of-2/work/cell-u_f77_9t/excel --objective-mode ir_im_is --participant-idle-cap-rule none --participant-idle-cap-alpha 1/2

Found 1 selected input paths (content_deduplicated=True)

============================================================
Processing: ticf-14crafa.fixed040-Forb.dzn
Test number: 1
============================================================
Input parsing completed in 0.2594 seconds
Constraint building completed in 0.7831 seconds
Total variables: 162425
Total hard clauses: 491004
Total soft clauses: 1480
Participant idle cap: none (added clauses: 0)
UWrMaxSAT optimum scalar cost: 346975
MaxSAT solving completed in 9.8494 seconds

============================================================
TOTAL RUNTIME: 11.3723 seconds (11.37s)
============================================================
Peak process-tree RSS: 282.594 MB
Excel exported to: /home/g24021555/Business-Meeting-Scheduling-Problem/outputs/journal/main-objectives/shard-0-of-2/work/cell-u_f77_9t/excel/ticf-14crafa.fixed040-Forb.xlsx
Result queued for CSV: OPTIMAL | objective=(16, 16, 255) | participant_idle_cap=none
CSV exported to: /home/g24021555/Business-Meeting-Scheduling-Problem/outputs/journal/main-objectives/shard-0-of-2/work/cell-u_f77_9t/detailed.csv
