started_utc=2026-09-20T14:21:22+00:00
command=/home/g24021555/Business-Meeting-Scheduling-Problem/.venv/bin/python -u /home/g24021555/Business-Meeting-Scheduling-Problem/src/ORG_new.py --instance /home/g24021555/Business-Meeting-Scheduling-Problem/data_table07_fixed/ticf-14crafa.fixed020-Forb.dzn --timeout 7200.0 --uwrmaxsat-bin /home/g24021555/uwrmaxsat/build/release/bin/uwrmaxsat --uwrmaxsat-sha256 82485b4b973d80c618b28eef348a09dc5bc1ab0654696e2ed3b1764f52ef8202 --csv /home/g24021555/Business-Meeting-Scheduling-Problem/outputs/journal/main-objectives/shard-0-of-2/work/cell-pzmtuaf_/detailed.csv --excel-dir /home/g24021555/Business-Meeting-Scheduling-Problem/outputs/journal/main-objectives/shard-0-of-2/work/cell-pzmtuaf_/excel

Found 1 selected input paths (content_deduplicated=True)

============================================================
Processing: ticf-14crafa.fixed020-Forb.dzn
Test number: 1
============================================================
Input parsing completed in 0.1135 seconds
Constraint building completed in 0.7865 seconds
Total variables: 162425
Total hard clauses: 490944
Total soft clauses: 20
Participant idle cap: none (added clauses: 0)
UWrMaxSAT optimum scalar cost: 15
MaxSAT solving completed in 0.8010 seconds

============================================================
TOTAL RUNTIME: 2.1892 seconds (2.19s)
============================================================
Peak process-tree RSS: 252.168 MB
Excel exported to: /home/g24021555/Business-Meeting-Scheduling-Problem/outputs/journal/main-objectives/shard-0-of-2/work/cell-pzmtuaf_/excel/ticf-14crafa.fixed020-Forb.xlsx
Result queued for CSV: OPTIMAL | objective=(15,) | participant_idle_cap=none
CSV exported to: /home/g24021555/Business-Meeting-Scheduling-Problem/outputs/journal/main-objectives/shard-0-of-2/work/cell-pzmtuaf_/detailed.csv
