started_utc=2026-09-20T14:59:29+00:00
command=/home/g24021555/Business-Meeting-Scheduling-Problem/.venv/bin/python -u /home/g24021555/Business-Meeting-Scheduling-Problem/src/ORG_new.py --instance /home/g24021555/Business-Meeting-Scheduling-Problem/data_table07_fixed/tic-14crafd.fixed020-Forb.dzn --timeout 7200.0 --uwrmaxsat-bin /home/g24021555/uwrmaxsat/build/release/bin/uwrmaxsat --uwrmaxsat-sha256 82485b4b973d80c618b28eef348a09dc5bc1ab0654696e2ed3b1764f52ef8202 --csv /home/g24021555/Business-Meeting-Scheduling-Problem/outputs/journal/main-objectives/shard-0-of-2/work/cell-s6uo_x1v/detailed.csv --excel-dir /home/g24021555/Business-Meeting-Scheduling-Problem/outputs/journal/main-objectives/shard-0-of-2/work/cell-s6uo_x1v/excel

Found 1 selected input paths (content_deduplicated=True)

============================================================
Processing: tic-14crafd.fixed020-Forb.dzn
Test number: 1
============================================================
Input parsing completed in 0.0102 seconds
Constraint building completed in 0.1342 seconds
Total variables: 27779
Total hard clauses: 92793
Total soft clauses: 8
Participant idle cap: none (added clauses: 0)
UWrMaxSAT optimum scalar cost: 3
MaxSAT solving completed in 0.1033 seconds

============================================================
TOTAL RUNTIME: 0.3388 seconds (0.34s)
============================================================
Peak process-tree RSS: 70.172 MB
Excel exported to: /home/g24021555/Business-Meeting-Scheduling-Problem/outputs/journal/main-objectives/shard-0-of-2/work/cell-s6uo_x1v/excel/tic-14crafd.fixed020-Forb.xlsx
Result queued for CSV: OPTIMAL | objective=(3,) | participant_idle_cap=none
CSV exported to: /home/g24021555/Business-Meeting-Scheduling-Problem/outputs/journal/main-objectives/shard-0-of-2/work/cell-s6uo_x1v/detailed.csv
