started_utc=2026-09-20T15:00:07+00:00
command=/home/g24021555/Business-Meeting-Scheduling-Problem/.venv/bin/python -u /home/g24021555/Business-Meeting-Scheduling-Problem/src/ORG_new.py --instance /home/g24021555/Business-Meeting-Scheduling-Problem/data_table08_prec/forum-13.prec25.dzn --timeout 7200.0 --uwrmaxsat-bin /home/g24021555/uwrmaxsat/build/release/bin/uwrmaxsat --uwrmaxsat-sha256 82485b4b973d80c618b28eef348a09dc5bc1ab0654696e2ed3b1764f52ef8202 --csv /home/g24021555/Business-Meeting-Scheduling-Problem/outputs/journal/main-objectives/shard-0-of-2/work/cell-h_c9f55x/detailed.csv --excel-dir /home/g24021555/Business-Meeting-Scheduling-Problem/outputs/journal/main-objectives/shard-0-of-2/work/cell-h_c9f55x/excel --objective-mode ir_im_is --participant-idle-cap-rule none --participant-idle-cap-alpha 1/2

Found 1 selected input paths (content_deduplicated=True)

============================================================
Processing: forum-13.prec25.dzn
Test number: 1
============================================================
Input parsing completed in 0.0095 seconds
Constraint building completed in 0.5753 seconds
Total variables: 130863
Total hard clauses: 372973
Total soft clauses: 1140
Participant idle cap: none (added clauses: 0)
MaxSAT solving completed in 0.3700 seconds

============================================================
TOTAL RUNTIME: 1.3034 seconds (1.30s)
============================================================
Peak process-tree RSS: 179.301 MB
Excel exported to: /home/g24021555/Business-Meeting-Scheduling-Problem/outputs/journal/main-objectives/shard-0-of-2/work/cell-h_c9f55x/excel/forum-13.prec25.xlsx
Result queued for CSV: UNSAT | objective=N/A | participant_idle_cap=none
CSV exported to: /home/g24021555/Business-Meeting-Scheduling-Problem/outputs/journal/main-objectives/shard-0-of-2/work/cell-h_c9f55x/detailed.csv
