started_utc=2026-09-20T14:59:48+00:00
command=/home/g24021555/Business-Meeting-Scheduling-Problem/.venv/bin/python -u /home/g24021555/Business-Meeting-Scheduling-Problem/src/ORG_new.py --instance /home/g24021555/Business-Meeting-Scheduling-Problem/data_table07_fixed/forumt-14.fixed020-Forb.dzn --timeout 7200.0 --uwrmaxsat-bin /home/g24021555/uwrmaxsat/build/release/bin/uwrmaxsat --uwrmaxsat-sha256 82485b4b973d80c618b28eef348a09dc5bc1ab0654696e2ed3b1764f52ef8202 --csv /home/g24021555/Business-Meeting-Scheduling-Problem/outputs/journal/main-objectives/shard-0-of-2/work/cell-whpd9tf2/detailed.csv --excel-dir /home/g24021555/Business-Meeting-Scheduling-Problem/outputs/journal/main-objectives/shard-0-of-2/work/cell-whpd9tf2/excel

Found 1 selected input paths (content_deduplicated=True)

============================================================
Processing: forumt-14.fixed020-Forb.dzn
Test number: 1
============================================================
Input parsing completed in 0.0108 seconds
Constraint building completed in 0.1344 seconds
Total variables: 27752
Total hard clauses: 92693
Total soft clauses: 7
Participant idle cap: none (added clauses: 0)
UWrMaxSAT optimum scalar cost: 2
MaxSAT solving completed in 0.1180 seconds

============================================================
TOTAL RUNTIME: 0.3558 seconds (0.36s)
============================================================
Peak process-tree RSS: 72.703 MB
Excel exported to: /home/g24021555/Business-Meeting-Scheduling-Problem/outputs/journal/main-objectives/shard-0-of-2/work/cell-whpd9tf2/excel/forumt-14.fixed020-Forb.xlsx
Result queued for CSV: OPTIMAL | objective=(2,) | participant_idle_cap=none
CSV exported to: /home/g24021555/Business-Meeting-Scheduling-Problem/outputs/journal/main-objectives/shard-0-of-2/work/cell-whpd9tf2/detailed.csv
