started_utc=2026-09-20T15:01:34+00:00
command=/home/g24021555/Business-Meeting-Scheduling-Problem/.venv/bin/python -u /home/g24021555/Business-Meeting-Scheduling-Problem/src/ORG_new.py --instance /home/g24021555/Business-Meeting-Scheduling-Problem/data_table08_prec/ticf-14crafa.prec15.dzn --timeout 7200.0 --uwrmaxsat-bin /home/g24021555/uwrmaxsat/build/release/bin/uwrmaxsat --uwrmaxsat-sha256 82485b4b973d80c618b28eef348a09dc5bc1ab0654696e2ed3b1764f52ef8202 --csv /home/g24021555/Business-Meeting-Scheduling-Problem/outputs/journal/main-objectives/shard-0-of-2/work/cell-i4equtsk/detailed.csv --excel-dir /home/g24021555/Business-Meeting-Scheduling-Problem/outputs/journal/main-objectives/shard-0-of-2/work/cell-i4equtsk/excel

Found 1 selected input paths (content_deduplicated=True)

============================================================
Processing: ticf-14crafa.prec15.dzn
Test number: 1
============================================================
Input parsing completed in 0.0190 seconds
Constraint building completed in 0.8092 seconds
Total variables: 162425
Total hard clauses: 504293
Total soft clauses: 20
Participant idle cap: none (added clauses: 0)
UWrMaxSAT optimum scalar cost: 0
MaxSAT solving completed in 32.0592 seconds

============================================================
TOTAL RUNTIME: 33.3828 seconds (33.38s)
============================================================
Peak process-tree RSS: 286.477 MB
Excel exported to: /home/g24021555/Business-Meeting-Scheduling-Problem/outputs/journal/main-objectives/shard-0-of-2/work/cell-i4equtsk/excel/ticf-14crafa.prec15.xlsx
Result queued for CSV: OPTIMAL | objective=(0,) | participant_idle_cap=none
CSV exported to: /home/g24021555/Business-Meeting-Scheduling-Problem/outputs/journal/main-objectives/shard-0-of-2/work/cell-i4equtsk/detailed.csv
