started_utc=2026-09-20T15:03:24+00:00
command=/home/g24021555/Business-Meeting-Scheduling-Problem/.venv/bin/python -u /home/g24021555/Business-Meeting-Scheduling-Problem/src/ORG_new.py --instance /home/g24021555/Business-Meeting-Scheduling-Problem/data_table06_forb/forum-14.forb0007.dzn --timeout 7200.0 --uwrmaxsat-bin /home/g24021555/uwrmaxsat/build/release/bin/uwrmaxsat --uwrmaxsat-sha256 82485b4b973d80c618b28eef348a09dc5bc1ab0654696e2ed3b1764f52ef8202 --csv /home/g24021555/Business-Meeting-Scheduling-Problem/outputs/journal/main-objectives/shard-0-of-2/work/cell-akbxgnxf/detailed.csv --excel-dir /home/g24021555/Business-Meeting-Scheduling-Problem/outputs/journal/main-objectives/shard-0-of-2/work/cell-akbxgnxf/excel --objective-mode ir_im_is --participant-idle-cap-rule none --participant-idle-cap-alpha 1/2

Found 1 selected input paths (content_deduplicated=True)

============================================================
Processing: forum-14.forb0007.dzn
Test number: 1
============================================================
Input parsing completed in 0.0213 seconds
Constraint building completed in 0.7940 seconds
Total variables: 162425
Total hard clauses: 490998
Total soft clauses: 1480
Participant idle cap: none (added clauses: 0)
MaxSAT solving completed in 0.4051 seconds

============================================================
TOTAL RUNTIME: 1.6799 seconds (1.68s)
============================================================
Peak process-tree RSS: 225.598 MB
Excel exported to: /home/g24021555/Business-Meeting-Scheduling-Problem/outputs/journal/main-objectives/shard-0-of-2/work/cell-akbxgnxf/excel/forum-14.forb0007.xlsx
Result queued for CSV: UNSAT | objective=N/A | participant_idle_cap=none
CSV exported to: /home/g24021555/Business-Meeting-Scheduling-Problem/outputs/journal/main-objectives/shard-0-of-2/work/cell-akbxgnxf/detailed.csv
