started_utc=2026-09-20T15:04:34+00:00
command=/home/g24021555/Business-Meeting-Scheduling-Problem/.venv/bin/python -u /home/g24021555/Business-Meeting-Scheduling-Problem/src/ORG_new.py --instance /home/g24021555/Business-Meeting-Scheduling-Problem/data_table07_fixed/forumt-14crafe.fixed040-Forb.dzn --timeout 7200.0 --uwrmaxsat-bin /home/g24021555/uwrmaxsat/build/release/bin/uwrmaxsat --uwrmaxsat-sha256 82485b4b973d80c618b28eef348a09dc5bc1ab0654696e2ed3b1764f52ef8202 --csv /home/g24021555/Business-Meeting-Scheduling-Problem/outputs/journal/main-objectives/shard-0-of-2/work/cell-49feejx9/detailed.csv --excel-dir /home/g24021555/Business-Meeting-Scheduling-Problem/outputs/journal/main-objectives/shard-0-of-2/work/cell-49feejx9/excel

Found 1 selected input paths (content_deduplicated=True)

============================================================
Processing: forumt-14crafe.fixed040-Forb.dzn
Test number: 1
============================================================
Input parsing completed in 0.0169 seconds
Constraint building completed in 0.1402 seconds
Total variables: 27859
Total hard clauses: 93104
Total soft clauses: 8
Participant idle cap: none (added clauses: 0)
MaxSAT solving completed in 0.0460 seconds

============================================================
TOTAL RUNTIME: 0.2874 seconds (0.29s)
============================================================
Peak process-tree RSS: 66.695 MB
Excel exported to: /home/g24021555/Business-Meeting-Scheduling-Problem/outputs/journal/main-objectives/shard-0-of-2/work/cell-49feejx9/excel/forumt-14crafe.fixed040-Forb.xlsx
Result queued for CSV: UNSAT | objective=N/A | participant_idle_cap=none
CSV exported to: /home/g24021555/Business-Meeting-Scheduling-Problem/outputs/journal/main-objectives/shard-0-of-2/work/cell-49feejx9/detailed.csv
