started_utc=2026-09-20T15:04:38+00:00
command=/home/g24021555/Business-Meeting-Scheduling-Problem/.venv/bin/python -u /home/g24021555/Business-Meeting-Scheduling-Problem/src/ORG_new.py --instance /home/g24021555/Business-Meeting-Scheduling-Problem/data_table08_prec/forumt-14.prec25.dzn --timeout 7200.0 --uwrmaxsat-bin /home/g24021555/uwrmaxsat/build/release/bin/uwrmaxsat --uwrmaxsat-sha256 82485b4b973d80c618b28eef348a09dc5bc1ab0654696e2ed3b1764f52ef8202 --csv /home/g24021555/Business-Meeting-Scheduling-Problem/outputs/journal/main-objectives/shard-0-of-2/work/cell-82yp3s0a/detailed.csv --excel-dir /home/g24021555/Business-Meeting-Scheduling-Problem/outputs/journal/main-objectives/shard-0-of-2/work/cell-82yp3s0a/excel --objective-mode ir_im_is --participant-idle-cap-rule none --participant-idle-cap-alpha 1/2

Found 1 selected input paths (content_deduplicated=True)

============================================================
Processing: forumt-14.prec25.dzn
Test number: 1
============================================================
Input parsing completed in 0.0116 seconds
Constraint building completed in 0.1434 seconds
Total variables: 27752
Total hard clauses: 97761
Total soft clauses: 427
Participant idle cap: none (added clauses: 0)
UWrMaxSAT optimum scalar cost: 2134
MaxSAT solving completed in 2.1419 seconds

============================================================
TOTAL RUNTIME: 2.3930 seconds (2.39s)
============================================================
Peak process-tree RSS: 85.684 MB
Excel exported to: /home/g24021555/Business-Meeting-Scheduling-Problem/outputs/journal/main-objectives/shard-0-of-2/work/cell-82yp3s0a/excel/forumt-14.prec25.xlsx
Result queued for CSV: OPTIMAL | objective=(2, 2, 10) | participant_idle_cap=none
CSV exported to: /home/g24021555/Business-Meeting-Scheduling-Problem/outputs/journal/main-objectives/shard-0-of-2/work/cell-82yp3s0a/detailed.csv
