started_utc=2026-09-20T15:05:29+00:00
command=/home/g24021555/Business-Meeting-Scheduling-Problem/.venv/bin/python -u /home/g24021555/Business-Meeting-Scheduling-Problem/src/ORG_new.py --instance /home/g24021555/Business-Meeting-Scheduling-Problem/data_table07_fixed/forum-14.fixed020-Forb.dzn --timeout 7200.0 --uwrmaxsat-bin /home/g24021555/uwrmaxsat/build/release/bin/uwrmaxsat --uwrmaxsat-sha256 82485b4b973d80c618b28eef348a09dc5bc1ab0654696e2ed3b1764f52ef8202 --csv /home/g24021555/Business-Meeting-Scheduling-Problem/outputs/journal/main-objectives/shard-0-of-2/work/cell-hi2iy9cc/detailed.csv --excel-dir /home/g24021555/Business-Meeting-Scheduling-Problem/outputs/journal/main-objectives/shard-0-of-2/work/cell-hi2iy9cc/excel

Found 1 selected input paths (content_deduplicated=True)

============================================================
Processing: forum-14.fixed020-Forb.dzn
Test number: 1
============================================================
Input parsing completed in 0.1175 seconds
Constraint building completed in 0.7886 seconds
Total variables: 162425
Total hard clauses: 491686
Total soft clauses: 20
Participant idle cap: none (added clauses: 0)
UWrMaxSAT optimum scalar cost: 10
MaxSAT solving completed in 1.8276 seconds

============================================================
TOTAL RUNTIME: 3.2259 seconds (3.23s)
============================================================
Peak process-tree RSS: 276.305 MB
Excel exported to: /home/g24021555/Business-Meeting-Scheduling-Problem/outputs/journal/main-objectives/shard-0-of-2/work/cell-hi2iy9cc/excel/forum-14.fixed020-Forb.xlsx
Result queued for CSV: OPTIMAL | objective=(10,) | participant_idle_cap=none
CSV exported to: /home/g24021555/Business-Meeting-Scheduling-Problem/outputs/journal/main-objectives/shard-0-of-2/work/cell-hi2iy9cc/detailed.csv
