started_utc=2026-09-20T15:09:27+00:00
command=/home/g24021555/Business-Meeting-Scheduling-Problem/.venv/bin/python -u /home/g24021555/Business-Meeting-Scheduling-Problem/src/ORG_new.py --instance /home/g24021555/Business-Meeting-Scheduling-Problem/data_table07_fixed/ticf-13crafc.fixed020-Forb.dzn --timeout 7200.0 --uwrmaxsat-bin /home/g24021555/uwrmaxsat/build/release/bin/uwrmaxsat --uwrmaxsat-sha256 82485b4b973d80c618b28eef348a09dc5bc1ab0654696e2ed3b1764f52ef8202 --csv /home/g24021555/Business-Meeting-Scheduling-Problem/outputs/journal/main-objectives/shard-0-of-2/work/cell-gxgciltn/detailed.csv --excel-dir /home/g24021555/Business-Meeting-Scheduling-Problem/outputs/journal/main-objectives/shard-0-of-2/work/cell-gxgciltn/excel --objective-mode ir_im_is --participant-idle-cap-rule none --participant-idle-cap-alpha 1/2

Found 1 selected input paths (content_deduplicated=True)

============================================================
Processing: ticf-13crafc.fixed020-Forb.dzn
Test number: 1
============================================================
Input parsing completed in 0.0439 seconds
Constraint building completed in 0.5682 seconds
Total variables: 131031
Total hard clauses: 362211
Total soft clauses: 1140
Participant idle cap: none (added clauses: 0)
UWrMaxSAT optimum scalar cost: 195830
MaxSAT solving completed in 3.6438 seconds

============================================================
TOTAL RUNTIME: 4.6570 seconds (4.66s)
============================================================
Peak process-tree RSS: 217.965 MB
Excel exported to: /home/g24021555/Business-Meeting-Scheduling-Problem/outputs/journal/main-objectives/shard-0-of-2/work/cell-gxgciltn/excel/ticf-13crafc.fixed020-Forb.xlsx
Result queued for CSV: OPTIMAL | objective=(10, 12, 154) | participant_idle_cap=none
CSV exported to: /home/g24021555/Business-Meeting-Scheduling-Problem/outputs/journal/main-objectives/shard-0-of-2/work/cell-gxgciltn/detailed.csv
