started_utc=2026-09-20T15:31:45+00:00
command=/home/g24021555/Business-Meeting-Scheduling-Problem/.venv/bin/python -u /home/g24021555/Business-Meeting-Scheduling-Problem/src/ORG_new.py --instance /home/g24021555/Business-Meeting-Scheduling-Problem/data_table08_prec/tic-13crafc.prec15.dzn --timeout 7200.0 --uwrmaxsat-bin /home/g24021555/uwrmaxsat/build/release/bin/uwrmaxsat --uwrmaxsat-sha256 82485b4b973d80c618b28eef348a09dc5bc1ab0654696e2ed3b1764f52ef8202 --csv /home/g24021555/Business-Meeting-Scheduling-Problem/outputs/journal/main-objectives/shard-0-of-2/work/cell-us_0h8df/detailed.csv --excel-dir /home/g24021555/Business-Meeting-Scheduling-Problem/outputs/journal/main-objectives/shard-0-of-2/work/cell-us_0h8df/excel

Found 1 selected input paths (content_deduplicated=True)

============================================================
Processing: tic-13crafc.prec15.dzn
Test number: 1
============================================================
Input parsing completed in 0.0064 seconds
Constraint building completed in 0.1194 seconds
Total variables: 24375
Total hard clauses: 80770
Total soft clauses: 6
Participant idle cap: none (added clauses: 0)
UWrMaxSAT optimum scalar cost: 1
MaxSAT solving completed in 0.2595 seconds

============================================================
TOTAL RUNTIME: 0.4634 seconds (0.46s)
============================================================
Peak process-tree RSS: 71.766 MB
Excel exported to: /home/g24021555/Business-Meeting-Scheduling-Problem/outputs/journal/main-objectives/shard-0-of-2/work/cell-us_0h8df/excel/tic-13crafc.prec15.xlsx
Result queued for CSV: OPTIMAL | objective=(1,) | participant_idle_cap=none
CSV exported to: /home/g24021555/Business-Meeting-Scheduling-Problem/outputs/journal/main-objectives/shard-0-of-2/work/cell-us_0h8df/detailed.csv
