started_utc=2026-09-20T16:18:02+00:00
command=/home/g24021555/Business-Meeting-Scheduling-Problem/.venv/bin/python -u /home/g24021555/Business-Meeting-Scheduling-Problem/src/ORG_new.py --instance /home/g24021555/Business-Meeting-Scheduling-Problem/data_table06_forb/forum-13crafc.forb0003.dzn --timeout 7200.0 --uwrmaxsat-bin /home/g24021555/uwrmaxsat/build/release/bin/uwrmaxsat --uwrmaxsat-sha256 82485b4b973d80c618b28eef348a09dc5bc1ab0654696e2ed3b1764f52ef8202 --csv /home/g24021555/Business-Meeting-Scheduling-Problem/outputs/journal/main-objectives/shard-0-of-2/work/cell-wt43z_nh/detailed.csv --excel-dir /home/g24021555/Business-Meeting-Scheduling-Problem/outputs/journal/main-objectives/shard-0-of-2/work/cell-wt43z_nh/excel

Found 1 selected input paths (content_deduplicated=True)

============================================================
Processing: forum-13crafc.forb0003.dzn
Test number: 1
============================================================
Input parsing completed in 0.0086 seconds
Constraint building completed in 0.5684 seconds
Total variables: 131031
Total hard clauses: 362201
Total soft clauses: 19
Participant idle cap: none (added clauses: 0)
UWrMaxSAT optimum scalar cost: 0
MaxSAT solving completed in 5.3010 seconds

============================================================
TOTAL RUNTIME: 6.2386 seconds (6.24s)
============================================================
Peak process-tree RSS: 228.441 MB
Excel exported to: /home/g24021555/Business-Meeting-Scheduling-Problem/outputs/journal/main-objectives/shard-0-of-2/work/cell-wt43z_nh/excel/forum-13crafc.forb0003.xlsx
Result queued for CSV: OPTIMAL | objective=(0,) | participant_idle_cap=none
CSV exported to: /home/g24021555/Business-Meeting-Scheduling-Problem/outputs/journal/main-objectives/shard-0-of-2/work/cell-wt43z_nh/detailed.csv
