started_utc=2026-09-20T15:39:48+00:00
command=/home/g24021555/Business-Meeting-Scheduling-Problem/.venv/bin/python -u /home/g24021555/Business-Meeting-Scheduling-Problem/src/ORG_new.py --instance /home/g24021555/Business-Meeting-Scheduling-Problem/data_table07_fixed/ticf-14crafa.fixed040-Forb.dzn --timeout 7200.0 --uwrmaxsat-bin /home/g24021555/uwrmaxsat/build/release/bin/uwrmaxsat --uwrmaxsat-sha256 82485b4b973d80c618b28eef348a09dc5bc1ab0654696e2ed3b1764f52ef8202 --csv /home/g24021555/Business-Meeting-Scheduling-Problem/outputs/journal/main-objectives/shard-0-of-2/work/cell-cqkd1tfb/detailed.csv --excel-dir /home/g24021555/Business-Meeting-Scheduling-Problem/outputs/journal/main-objectives/shard-0-of-2/work/cell-cqkd1tfb/excel

Found 1 selected input paths (content_deduplicated=True)

============================================================
Processing: ticf-14crafa.fixed040-Forb.dzn
Test number: 1
============================================================
Input parsing completed in 0.2605 seconds
Constraint building completed in 0.7776 seconds
Total variables: 162425
Total hard clauses: 491004
Total soft clauses: 20
Participant idle cap: none (added clauses: 0)
UWrMaxSAT optimum scalar cost: 16
MaxSAT solving completed in 0.6322 seconds

============================================================
TOTAL RUNTIME: 2.1530 seconds (2.15s)
============================================================
Peak process-tree RSS: 248.137 MB
Excel exported to: /home/g24021555/Business-Meeting-Scheduling-Problem/outputs/journal/main-objectives/shard-0-of-2/work/cell-cqkd1tfb/excel/ticf-14crafa.fixed040-Forb.xlsx
Result queued for CSV: OPTIMAL | objective=(16,) | participant_idle_cap=none
CSV exported to: /home/g24021555/Business-Meeting-Scheduling-Problem/outputs/journal/main-objectives/shard-0-of-2/work/cell-cqkd1tfb/detailed.csv
