started_utc=2026-09-20T20:52:35+00:00
command=/home/g24021555/Business-Meeting-Scheduling-Problem/.venv/bin/python -u /home/g24021555/Business-Meeting-Scheduling-Problem/src/ORG_new.py --instance /home/g24021555/Business-Meeting-Scheduling-Problem/data_table08_prec/forumt-14.prec15.dzn --timeout 7200.0 --uwrmaxsat-bin /home/g24021555/uwrmaxsat/build/release/bin/uwrmaxsat --uwrmaxsat-sha256 82485b4b973d80c618b28eef348a09dc5bc1ab0654696e2ed3b1764f52ef8202 --csv /home/g24021555/Business-Meeting-Scheduling-Problem/outputs/journal/main-objectives/shard-0-of-2/work/cell-jxfkc0lh/detailed.csv --excel-dir /home/g24021555/Business-Meeting-Scheduling-Problem/outputs/journal/main-objectives/shard-0-of-2/work/cell-jxfkc0lh/excel --objective-mode ir_im_is --participant-idle-cap-rule none --participant-idle-cap-alpha 1/2

Found 1 selected input paths (content_deduplicated=True)

============================================================
Processing: forumt-14.prec15.dzn
Test number: 1
============================================================
Input parsing completed in 0.0109 seconds
Constraint building completed in 0.1361 seconds
Total variables: 27752
Total hard clauses: 95066
Total soft clauses: 427
Participant idle cap: none (added clauses: 0)
UWrMaxSAT optimum scalar cost: 2134
MaxSAT solving completed in 0.3684 seconds

============================================================
TOTAL RUNTIME: 0.6066 seconds (0.61s)
============================================================
Peak process-tree RSS: 74.895 MB
Excel exported to: /home/g24021555/Business-Meeting-Scheduling-Problem/outputs/journal/main-objectives/shard-0-of-2/work/cell-jxfkc0lh/excel/forumt-14.prec15.xlsx
Result queued for CSV: OPTIMAL | objective=(2, 2, 10) | participant_idle_cap=none
CSV exported to: /home/g24021555/Business-Meeting-Scheduling-Problem/outputs/journal/main-objectives/shard-0-of-2/work/cell-jxfkc0lh/detailed.csv
