started_utc=2026-09-20T20:53:03+00:00
command=/home/g24021555/Business-Meeting-Scheduling-Problem/.venv/bin/python -u /home/g24021555/Business-Meeting-Scheduling-Problem/src/ORG_new.py --instance /home/g24021555/Business-Meeting-Scheduling-Problem/data_table06_forb/tic-13crafb.forb0007.dzn --timeout 7200.0 --uwrmaxsat-bin /home/g24021555/uwrmaxsat/build/release/bin/uwrmaxsat --uwrmaxsat-sha256 82485b4b973d80c618b28eef348a09dc5bc1ab0654696e2ed3b1764f52ef8202 --csv /home/g24021555/Business-Meeting-Scheduling-Problem/outputs/journal/main-objectives/shard-0-of-2/work/cell-8wc39r_t/detailed.csv --excel-dir /home/g24021555/Business-Meeting-Scheduling-Problem/outputs/journal/main-objectives/shard-0-of-2/work/cell-8wc39r_t/excel --objective-mode ir_im_is --participant-idle-cap-rule none --participant-idle-cap-alpha 1/2

Found 1 selected input paths (content_deduplicated=True)

============================================================
Processing: tic-13crafb.forb0007.dzn
Test number: 1
============================================================
Input parsing completed in 0.0066 seconds
Constraint building completed in 0.1126 seconds
Total variables: 22825
Total hard clauses: 77281
Total soft clauses: 368
Participant idle cap: none (added clauses: 0)
MaxSAT solving completed in 0.0510 seconds

============================================================
TOTAL RUNTIME: 0.2399 seconds (0.24s)
============================================================
Peak process-tree RSS: 62.855 MB
Excel exported to: /home/g24021555/Business-Meeting-Scheduling-Problem/outputs/journal/main-objectives/shard-0-of-2/work/cell-8wc39r_t/excel/tic-13crafb.forb0007.xlsx
Result queued for CSV: UNSAT | objective=N/A | participant_idle_cap=none
CSV exported to: /home/g24021555/Business-Meeting-Scheduling-Problem/outputs/journal/main-objectives/shard-0-of-2/work/cell-8wc39r_t/detailed.csv
