started_utc=2026-09-20T20:58:30+00:00
command=/home/g24021555/Business-Meeting-Scheduling-Problem/.venv/bin/python -u /home/g24021555/Business-Meeting-Scheduling-Problem/src/ORG_new.py --instance /home/g24021555/Business-Meeting-Scheduling-Problem/data_table07_fixed/forumt-14.fixed040-Forb.dzn --timeout 7200.0 --uwrmaxsat-bin /home/g24021555/uwrmaxsat/build/release/bin/uwrmaxsat --uwrmaxsat-sha256 82485b4b973d80c618b28eef348a09dc5bc1ab0654696e2ed3b1764f52ef8202 --csv /home/g24021555/Business-Meeting-Scheduling-Problem/outputs/journal/main-objectives/shard-0-of-2/work/cell-vyhmmyjc/detailed.csv --excel-dir /home/g24021555/Business-Meeting-Scheduling-Problem/outputs/journal/main-objectives/shard-0-of-2/work/cell-vyhmmyjc/excel --objective-mode ir_im_is --participant-idle-cap-rule none --participant-idle-cap-alpha 1/2

Found 1 selected input paths (content_deduplicated=True)

============================================================
Processing: forumt-14.fixed040-Forb.dzn
Test number: 1
============================================================
Input parsing completed in 0.0130 seconds
Constraint building completed in 0.1408 seconds
Total variables: 27752
Total hard clauses: 92740
Total soft clauses: 427
Participant idle cap: none (added clauses: 0)
MaxSAT solving completed in 0.0591 seconds

============================================================
TOTAL RUNTIME: 0.2975 seconds (0.30s)
============================================================
Peak process-tree RSS: 67.406 MB
Excel exported to: /home/g24021555/Business-Meeting-Scheduling-Problem/outputs/journal/main-objectives/shard-0-of-2/work/cell-vyhmmyjc/excel/forumt-14.fixed040-Forb.xlsx
Result queued for CSV: UNSAT | objective=N/A | participant_idle_cap=none
CSV exported to: /home/g24021555/Business-Meeting-Scheduling-Problem/outputs/journal/main-objectives/shard-0-of-2/work/cell-vyhmmyjc/detailed.csv
