started_utc=2026-09-21T00:15:12+00:00
command=/home/g24021555/Business-Meeting-Scheduling-Problem/.venv/bin/python -u /home/g24021555/Business-Meeting-Scheduling-Problem/src/ORG_new.py --instance /home/g24021555/Business-Meeting-Scheduling-Problem/data_table06_forb/forum-13.forb0007.dzn --timeout 7200.0 --uwrmaxsat-bin /home/g24021555/uwrmaxsat/build/release/bin/uwrmaxsat --uwrmaxsat-sha256 82485b4b973d80c618b28eef348a09dc5bc1ab0654696e2ed3b1764f52ef8202 --csv /home/g24021555/Business-Meeting-Scheduling-Problem/outputs/journal/main-objectives/shard-0-of-2/work/cell-p5xdg9_n/detailed.csv --excel-dir /home/g24021555/Business-Meeting-Scheduling-Problem/outputs/journal/main-objectives/shard-0-of-2/work/cell-p5xdg9_n/excel

Found 1 selected input paths (content_deduplicated=True)

============================================================
Processing: forum-13.forb0007.dzn
Test number: 1
============================================================
Input parsing completed in 0.0092 seconds
Constraint building completed in 0.5630 seconds
Total variables: 130863
Total hard clauses: 361838
Total soft clauses: 19
Participant idle cap: none (added clauses: 0)
UWrMaxSAT optimum scalar cost: 0
MaxSAT solving completed in 2.2682 seconds

============================================================
TOTAL RUNTIME: 3.2057 seconds (3.21s)
============================================================
Peak process-tree RSS: 216.887 MB
Excel exported to: /home/g24021555/Business-Meeting-Scheduling-Problem/outputs/journal/main-objectives/shard-0-of-2/work/cell-p5xdg9_n/excel/forum-13.forb0007.xlsx
Result queued for CSV: OPTIMAL | objective=(0,) | participant_idle_cap=none
CSV exported to: /home/g24021555/Business-Meeting-Scheduling-Problem/outputs/journal/main-objectives/shard-0-of-2/work/cell-p5xdg9_n/detailed.csv
