started_utc=2026-09-21T00:16:03+00:00
command=/home/g24021555/Business-Meeting-Scheduling-Problem/.venv/bin/python -u /home/g24021555/Business-Meeting-Scheduling-Problem/src/ORG_new.py --instance /home/g24021555/Business-Meeting-Scheduling-Problem/data_table07_fixed/ticf-14crafa.fixed020-Forb.dzn --timeout 7200.0 --uwrmaxsat-bin /home/g24021555/uwrmaxsat/build/release/bin/uwrmaxsat --uwrmaxsat-sha256 82485b4b973d80c618b28eef348a09dc5bc1ab0654696e2ed3b1764f52ef8202 --csv /home/g24021555/Business-Meeting-Scheduling-Problem/outputs/journal/main-objectives/shard-0-of-2/work/cell-vcx852ke/detailed.csv --excel-dir /home/g24021555/Business-Meeting-Scheduling-Problem/outputs/journal/main-objectives/shard-0-of-2/work/cell-vcx852ke/excel --objective-mode ir_im_is --participant-idle-cap-rule none --participant-idle-cap-alpha 1/2

Found 1 selected input paths (content_deduplicated=True)

============================================================
Processing: ticf-14crafa.fixed020-Forb.dzn
Test number: 1
============================================================
Input parsing completed in 0.1171 seconds
Constraint building completed in 0.8331 seconds
Total variables: 162425
Total hard clauses: 490944
Total soft clauses: 1480
Participant idle cap: none (added clauses: 0)
UWrMaxSAT optimum scalar cost: 325134
MaxSAT solving completed in 13.9645 seconds

============================================================
TOTAL RUNTIME: 15.4165 seconds (15.42s)
============================================================
Peak process-tree RSS: 296.883 MB
Excel exported to: /home/g24021555/Business-Meeting-Scheduling-Problem/outputs/journal/main-objectives/shard-0-of-2/work/cell-vcx852ke/excel/ticf-14crafa.fixed020-Forb.xlsx
Result queued for CSV: OPTIMAL | objective=(15, 15, 84) | participant_idle_cap=none
CSV exported to: /home/g24021555/Business-Meeting-Scheduling-Problem/outputs/journal/main-objectives/shard-0-of-2/work/cell-vcx852ke/detailed.csv
