started_utc=2026-09-21T00:25:07+00:00
command=/home/g24021555/Business-Meeting-Scheduling-Problem/.venv/bin/python -u /home/g24021555/Business-Meeting-Scheduling-Problem/src/ORG_new.py --instance /home/g24021555/Business-Meeting-Scheduling-Problem/data_table08_prec/forum-13.prec25.dzn --timeout 7200.0 --uwrmaxsat-bin /home/g24021555/uwrmaxsat/build/release/bin/uwrmaxsat --uwrmaxsat-sha256 82485b4b973d80c618b28eef348a09dc5bc1ab0654696e2ed3b1764f52ef8202 --csv /home/g24021555/Business-Meeting-Scheduling-Problem/outputs/journal/main-objectives/shard-0-of-2/work/cell-a3x9iia0/detailed.csv --excel-dir /home/g24021555/Business-Meeting-Scheduling-Problem/outputs/journal/main-objectives/shard-0-of-2/work/cell-a3x9iia0/excel

Found 1 selected input paths (content_deduplicated=True)

============================================================
Processing: forum-13.prec25.dzn
Test number: 1
============================================================
Input parsing completed in 0.0096 seconds
Constraint building completed in 0.5805 seconds
Total variables: 130863
Total hard clauses: 372973
Total soft clauses: 19
Participant idle cap: none (added clauses: 0)
MaxSAT solving completed in 0.2920 seconds

============================================================
TOTAL RUNTIME: 1.2313 seconds (1.23s)
============================================================
Peak process-tree RSS: 179.047 MB
Excel exported to: /home/g24021555/Business-Meeting-Scheduling-Problem/outputs/journal/main-objectives/shard-0-of-2/work/cell-a3x9iia0/excel/forum-13.prec25.xlsx
Result queued for CSV: UNSAT | objective=N/A | participant_idle_cap=none
CSV exported to: /home/g24021555/Business-Meeting-Scheduling-Problem/outputs/journal/main-objectives/shard-0-of-2/work/cell-a3x9iia0/detailed.csv
