started_utc=2026-09-21T00:25:04+00:00
command=/home/g24021555/Business-Meeting-Scheduling-Problem/.venv/bin/python -u /home/g24021555/Business-Meeting-Scheduling-Problem/src/ORG_new.py --instance /home/g24021555/Business-Meeting-Scheduling-Problem/data_table07_fixed/tic-13crafb.fixed040-Forb.dzn --timeout 7200.0 --uwrmaxsat-bin /home/g24021555/uwrmaxsat/build/release/bin/uwrmaxsat --uwrmaxsat-sha256 82485b4b973d80c618b28eef348a09dc5bc1ab0654696e2ed3b1764f52ef8202 --csv /home/g24021555/Business-Meeting-Scheduling-Problem/outputs/journal/main-objectives/shard-0-of-2/work/cell-ecu6f2bu/detailed.csv --excel-dir /home/g24021555/Business-Meeting-Scheduling-Problem/outputs/journal/main-objectives/shard-0-of-2/work/cell-ecu6f2bu/excel --objective-mode ir_im_is --participant-idle-cap-rule none --participant-idle-cap-alpha 1/2

Found 1 selected input paths (content_deduplicated=True)

============================================================
Processing: tic-13crafb.fixed040-Forb.dzn
Test number: 1
============================================================
Input parsing completed in 0.0106 seconds
Constraint building completed in 0.1152 seconds
Total variables: 22825
Total hard clauses: 77329
Total soft clauses: 368
Participant idle cap: none (added clauses: 0)
UWrMaxSAT optimum scalar cost: 2990
MaxSAT solving completed in 0.1351 seconds

============================================================
TOTAL RUNTIME: 0.3376 seconds (0.34s)
============================================================
Peak process-tree RSS: 64.527 MB
Excel exported to: /home/g24021555/Business-Meeting-Scheduling-Problem/outputs/journal/main-objectives/shard-0-of-2/work/cell-ecu6f2bu/excel/tic-13crafb.fixed040-Forb.xlsx
Result queued for CSV: OPTIMAL | objective=(4, 4, 30) | participant_idle_cap=none
CSV exported to: /home/g24021555/Business-Meeting-Scheduling-Problem/outputs/journal/main-objectives/shard-0-of-2/work/cell-ecu6f2bu/detailed.csv
