started_utc=2026-09-21T00:25:12+00:00
command=/home/g24021555/Business-Meeting-Scheduling-Problem/.venv/bin/python -u /home/g24021555/Business-Meeting-Scheduling-Problem/src/ORG_new.py --instance /home/g24021555/Business-Meeting-Scheduling-Problem/data_table07_fixed/ticf-13crafb.fixed040-Forb.dzn --timeout 7200.0 --uwrmaxsat-bin /home/g24021555/uwrmaxsat/build/release/bin/uwrmaxsat --uwrmaxsat-sha256 82485b4b973d80c618b28eef348a09dc5bc1ab0654696e2ed3b1764f52ef8202 --csv /home/g24021555/Business-Meeting-Scheduling-Problem/outputs/journal/main-objectives/shard-0-of-2/work/cell-apnxubbc/detailed.csv --excel-dir /home/g24021555/Business-Meeting-Scheduling-Problem/outputs/journal/main-objectives/shard-0-of-2/work/cell-apnxubbc/excel --objective-mode ir_im_is --participant-idle-cap-rule none --participant-idle-cap-alpha 1/2

Found 1 selected input paths (content_deduplicated=True)

============================================================
Processing: ticf-13crafb.fixed040-Forb.dzn
Test number: 1
============================================================
Input parsing completed in 0.1519 seconds
Constraint building completed in 0.6283 seconds
Total variables: 136770
Total hard clauses: 396478
Total soft clauses: 1160
Participant idle cap: none (added clauses: 0)
MaxSAT solving completed in 0.3059 seconds

============================================================
TOTAL RUNTIME: 1.4602 seconds (1.46s)
============================================================
Peak process-tree RSS: 181.293 MB
Excel exported to: /home/g24021555/Business-Meeting-Scheduling-Problem/outputs/journal/main-objectives/shard-0-of-2/work/cell-apnxubbc/excel/ticf-13crafb.fixed040-Forb.xlsx
Result queued for CSV: UNSAT | objective=N/A | participant_idle_cap=none
CSV exported to: /home/g24021555/Business-Meeting-Scheduling-Problem/outputs/journal/main-objectives/shard-0-of-2/work/cell-apnxubbc/detailed.csv
