started_utc=2026-09-21T00:24:17+00:00
command=/home/g24021555/Business-Meeting-Scheduling-Problem/.venv/bin/python -u /home/g24021555/Business-Meeting-Scheduling-Problem/src/ORG_new.py --instance /home/g24021555/Business-Meeting-Scheduling-Problem/data_table08_prec/ticf-14crafa.prec15.dzn --timeout 7200.0 --uwrmaxsat-bin /home/g24021555/uwrmaxsat/build/release/bin/uwrmaxsat --uwrmaxsat-sha256 82485b4b973d80c618b28eef348a09dc5bc1ab0654696e2ed3b1764f52ef8202 --csv /home/g24021555/Business-Meeting-Scheduling-Problem/outputs/journal/main-objectives/shard-0-of-2/work/cell-t32bh2fx/detailed.csv --excel-dir /home/g24021555/Business-Meeting-Scheduling-Problem/outputs/journal/main-objectives/shard-0-of-2/work/cell-t32bh2fx/excel --objective-mode ir_im_is --participant-idle-cap-rule none --participant-idle-cap-alpha 1/2

Found 1 selected input paths (content_deduplicated=True)

============================================================
Processing: ticf-14crafa.prec15.dzn
Test number: 1
============================================================
Input parsing completed in 0.0192 seconds
Constraint building completed in 0.8816 seconds
Total variables: 162425
Total hard clauses: 504293
Total soft clauses: 1480
Participant idle cap: none (added clauses: 0)
UWrMaxSAT optimum scalar cost: 0
MaxSAT solving completed in 21.2653 seconds

============================================================
TOTAL RUNTIME: 22.6802 seconds (22.68s)
============================================================
Peak process-tree RSS: 285.832 MB
Excel exported to: /home/g24021555/Business-Meeting-Scheduling-Problem/outputs/journal/main-objectives/shard-0-of-2/work/cell-t32bh2fx/excel/ticf-14crafa.prec15.xlsx
Result queued for CSV: OPTIMAL | objective=(0, 0, 0) | participant_idle_cap=none
CSV exported to: /home/g24021555/Business-Meeting-Scheduling-Problem/outputs/journal/main-objectives/shard-0-of-2/work/cell-t32bh2fx/detailed.csv
